---
source: tui/src/bottom_pane/mod.rs
expression: "render_snapshot(&pane, area)"
---
  ↳ Queued follow-up question                   
    alt + ↑ edit                                
                                                
                                                
› Ask Codex to do anything                      
                                                
  100% context left · ? for shortcuts
